{"level":"info","message":"Received request for home page","service":"devops_project"}
{"level":"info","message":"::1 - - [22/Jul/2026:12:16:09 +0000] \"GET / HTTP/1.1\" 200 13 \"-\" \"Mozilla/5.0 (Macintosh; Intel Mac OS X 10_15_7) AppleWebKit/537.36 (KHTML, like Gecko) Chrome/150.0.0.0 Safari/537.36\"","service":"devops_project"}
{"level":"info","message":"::1 - - [22/Jul/2026:12:16:09 +0000] \"GET /favicon.ico HTTP/1.1\" 404 150 \"-\" \"Mozilla/5.0 (Macintosh; Intel Mac OS X 10_15_7) AppleWebKit/537.36 (KHTML, like Gecko) Chrome/150.0.0.0 Safari/537.36\"","service":"devops_project"}
{"level":"info","message":"::1 - - [22/Jul/2026:14:04:56 +0000] \"GET /api/auth/sign-up HTTP/1.1\" 404 155 \"-\" \"PostmanRuntime/7.54.0\"","service":"devops_project"}
{"level":"info","message":"::1 - - [22/Jul/2026:14:05:34 +0000] \"POST /api/auth/sign-up HTTP/1.1\" 200 31 \"-\" \"PostmanRuntime/7.54.0\"","service":"devops_project"}
{"level":"info","message":"::1 - - [22/Jul/2026:14:21:31 +0000] \"POST /api/auth/sign-up HTTP/1.1\" 200 31 \"-\" \"PostmanRuntime/7.54.0\"","service":"devops_project"}
{"level":"info","message":"::1 - - [22/Jul/2026:14:25:52 +0000] \"POST /api/auth/sign-up HTTP/1.1\" 400 91 \"-\" \"PostmanRuntime/7.54.0\"","service":"devops_project"}
{"level":"info","message":"::1 - - [22/Jul/2026:14:26:10 +0000] \"POST /api/auth/sign-up HTTP/1.1\" 400 91 \"-\" \"PostmanRuntime/7.54.0\"","service":"devops_project"}
{"level":"info","message":"::1 - - [22/Jul/2026:19:33:43 +0000] \"POST /api/auth/sign-up HTTP/1.1\" 400 91 \"-\" \"PostmanRuntime/7.54.0\"","service":"devops_project"}
{"level":"error","message":"Signup error hashPassword is not defined","service":"devops_project","stack":"ReferenceError: hashPassword is not defined\n    at signup (file:///Users/sirishgurung/Desktop/DevOps/DevOps_project/src/controllers/auth.controller.js:21:53)\n    at Layer.handleRequest (/Users/sirishgurung/Desktop/DevOps/DevOps_project/node_modules/router/lib/layer.js:152:17)\n    at next (/Users/sirishgurung/Desktop/DevOps/DevOps_project/node_modules/router/lib/route.js:157:13)\n    at Route.dispatch (/Users/sirishgurung/Desktop/DevOps/DevOps_project/node_modules/router/lib/route.js:117:3)\n    at handle (/Users/sirishgurung/Desktop/DevOps/DevOps_project/node_modules/router/index.js:435:11)\n    at Layer.handleRequest (/Users/sirishgurung/Desktop/DevOps/DevOps_project/node_modules/router/lib/layer.js:152:17)\n    at /Users/sirishgurung/Desktop/DevOps/DevOps_project/node_modules/router/index.js:295:15\n    at processParams (/Users/sirishgurung/Desktop/DevOps/DevOps_project/node_modules/router/index.js:582:12)\n    at next (/Users/sirishgurung/Desktop/DevOps/DevOps_project/node_modules/router/index.js:291:5)\n    at router.handle (/Users/sirishgurung/Desktop/DevOps/DevOps_project/node_modules/router/index.js:186:3)"}
{"level":"info","message":"::1 - - [22/Jul/2026:19:37:39 +0000] \"POST /api/auth/sign-up HTTP/1.1\" 500 1380 \"-\" \"PostmanRuntime/7.54.0\"","service":"devops_project"}
{"level":"error","message":"Signup error password is not defined","service":"devops_project","stack":"ReferenceError: password is not defined\n    at signup (file:///Users/sirishgurung/Desktop/DevOps/DevOps_project/src/controllers/auth.controller.js:21:53)\n    at Layer.handleRequest (/Users/sirishgurung/Desktop/DevOps/DevOps_project/node_modules/router/lib/layer.js:152:17)\n    at next (/Users/sirishgurung/Desktop/DevOps/DevOps_project/node_modules/router/lib/route.js:157:13)\n    at Route.dispatch (/Users/sirishgurung/Desktop/DevOps/DevOps_project/node_modules/router/lib/route.js:117:3)\n    at handle (/Users/sirishgurung/Desktop/DevOps/DevOps_project/node_modules/router/index.js:435:11)\n    at Layer.handleRequest (/Users/sirishgurung/Desktop/DevOps/DevOps_project/node_modules/router/lib/layer.js:152:17)\n    at /Users/sirishgurung/Desktop/DevOps/DevOps_project/node_modules/router/index.js:295:15\n    at processParams (/Users/sirishgurung/Desktop/DevOps/DevOps_project/node_modules/router/index.js:582:12)\n    at next (/Users/sirishgurung/Desktop/DevOps/DevOps_project/node_modules/router/index.js:291:5)\n    at router.handle (/Users/sirishgurung/Desktop/DevOps/DevOps_project/node_modules/router/index.js:186:3)"}
{"level":"info","message":"::1 - - [22/Jul/2026:19:39:49 +0000] \"POST /api/auth/sign-up HTTP/1.1\" 500 1376 \"-\" \"PostmanRuntime/7.54.0\"","service":"devops_project"}
{"level":"error","message":"Error creating the user: TypeError: Cannot convert undefined or null to object","service":"devops_project"}
{"level":"error","message":"Signup error Cannot convert undefined or null to object","service":"devops_project","stack":"TypeError: Cannot convert undefined or null to object\n    at Object.entries (<anonymous>)\n    at orderSelectedFields (file:///Users/sirishgurung/Desktop/DevOps/DevOps_project/node_modules/drizzle-orm/utils.js:55:17)\n    at file:///Users/sirishgurung/Desktop/DevOps/DevOps_project/node_modules/drizzle-orm/utils.js:65:22\n    at Array.reduce (<anonymous>)\n    at orderSelectedFields (file:///Users/sirishgurung/Desktop/DevOps/DevOps_project/node_modules/drizzle-orm/utils.js:55:33)\n    at QueryPromise.returning (file:///Users/sirishgurung/Desktop/DevOps/DevOps_project/node_modules/drizzle-orm/pg-core/query-builders/insert.js:75:29)\n    at createUser (file:///Users/sirishgurung/Desktop/DevOps/DevOps_project/src/services/auth.service.js:27:14)\n    at async signup (file:///Users/sirishgurung/Desktop/DevOps/DevOps_project/src/controllers/auth.controller.js:21:22)"}
{"level":"info","message":"::1 - - [22/Jul/2026:19:40:03 +0000] \"POST /api/auth/sign-up HTTP/1.1\" 500 1107 \"-\" \"PostmanRuntime/7.54.0\"","service":"devops_project"}
{"level":"error","message":"Error creating the user: TypeError: Cannot convert undefined or null to object","service":"devops_project"}
{"level":"error","message":"Signup error Cannot convert undefined or null to object","service":"devops_project","stack":"TypeError: Cannot convert undefined or null to object\n    at Object.entries (<anonymous>)\n    at orderSelectedFields (file:///Users/sirishgurung/Desktop/DevOps/DevOps_project/node_modules/drizzle-orm/utils.js:55:17)\n    at file:///Users/sirishgurung/Desktop/DevOps/DevOps_project/node_modules/drizzle-orm/utils.js:65:22\n    at Array.reduce (<anonymous>)\n    at orderSelectedFields (file:///Users/sirishgurung/Desktop/DevOps/DevOps_project/node_modules/drizzle-orm/utils.js:55:33)\n    at QueryPromise.returning (file:///Users/sirishgurung/Desktop/DevOps/DevOps_project/node_modules/drizzle-orm/pg-core/query-builders/insert.js:75:29)\n    at createUser (file:///Users/sirishgurung/Desktop/DevOps/DevOps_project/src/services/auth.service.js:27:14)\n    at async signup (file:///Users/sirishgurung/Desktop/DevOps/DevOps_project/src/controllers/auth.controller.js:21:22)"}
{"level":"info","message":"::1 - - [22/Jul/2026:19:40:57 +0000] \"POST /api/auth/sign-up HTTP/1.1\" 500 1107 \"-\" \"PostmanRuntime/7.54.0\"","service":"devops_project"}
{"level":"info","message":"User gary@example.com created successfully","service":"devops_project"}
{"level":"error","message":"Signup error cookies is not defined","service":"devops_project","stack":"ReferenceError: cookies is not defined\n    at signup (file:///Users/sirishgurung/Desktop/DevOps/DevOps_project/src/controllers/auth.controller.js:25:9)\n    at process.processTicksAndRejections (node:internal/process/task_queues:104:5)"}
{"level":"info","message":"::1 - - [22/Jul/2026:20:02:10 +0000] \"POST /api/auth/sign-up HTTP/1.1\" 500 387 \"-\" \"PostmanRuntime/7.54.0\"","service":"devops_project"}
{"level":"error","message":"Error creating the user: Error: Failed query: insert into \"users\" (\"id\", \"name\", \"email\", \"password\", \"role\", \"createdAt\", \"updatedAt\") values (default, $1, $2, $3, $4, default, default) returning \"id\", \"name\", \"email\", \"role\", \"createdAt\"\nparams: Gary,gary@example.com,$2b$10$sqhzISu5SMoGwN3674SfLeH67Rrkei3n.YogAdq/azx1CzFIdIEe.,admin","service":"devops_project"}
{"cause":{"code":"23505","constraint":"users_email_unique","detail":"Key (email)=(gary@example.com) already exists.","file":"nbtinsert.c","line":"667","name":"NeonDbError","routine":"_bt_check_unique","schema":"public","severity":"ERROR","table":"users"},"level":"error","message":"Signup error Failed query: insert into \"users\" (\"id\", \"name\", \"email\", \"password\", \"role\", \"createdAt\", \"updatedAt\") values (default, $1, $2, $3, $4, default, default) returning \"id\", \"name\", \"email\", \"role\", \"createdAt\"\nparams: Gary,gary@example.com,$2b$10$sqhzISu5SMoGwN3674SfLeH67Rrkei3n.YogAdq/azx1CzFIdIEe.,admin","params":["Gary","gary@example.com","$2b$10$sqhzISu5SMoGwN3674SfLeH67Rrkei3n.YogAdq/azx1CzFIdIEe.","admin"],"query":"insert into \"users\" (\"id\", \"name\", \"email\", \"password\", \"role\", \"createdAt\", \"updatedAt\") values (default, $1, $2, $3, $4, default, default) returning \"id\", \"name\", \"email\", \"role\", \"createdAt\"","service":"devops_project","stack":"Error: Failed query: insert into \"users\" (\"id\", \"name\", \"email\", \"password\", \"role\", \"createdAt\", \"updatedAt\") values (default, $1, $2, $3, $4, default, default) returning \"id\", \"name\", \"email\", \"role\", \"createdAt\"\nparams: Gary,gary@example.com,$2b$10$sqhzISu5SMoGwN3674SfLeH67Rrkei3n.YogAdq/azx1CzFIdIEe.,admin\n    at NeonHttpPreparedQuery.queryWithCache (file:///Users/sirishgurung/Desktop/DevOps/DevOps_project/node_modules/drizzle-orm/pg-core/session.js:41:15)\n    at process.processTicksAndRejections (node:internal/process/task_queues:104:5)\n    at async NeonHttpPreparedQuery.execute (file:///Users/sirishgurung/Desktop/DevOps/DevOps_project/node_modules/drizzle-orm/neon-http/session.js:45:20)\n    at async createUser (file:///Users/sirishgurung/Desktop/DevOps/DevOps_project/src/services/auth.service.js:24:27)\n    at async signup (file:///Users/sirishgurung/Desktop/DevOps/DevOps_project/src/controllers/auth.controller.js:22:22)"}
{"level":"info","message":"::1 - - [22/Jul/2026:20:03:16 +0000] \"POST /api/auth/sign-up HTTP/1.1\" 500 1264 \"-\" \"PostmanRuntime/7.54.0\"","service":"devops_project"}
{"level":"error","message":"Error creating the user: Error: User with this email already exists","service":"devops_project"}
{"level":"error","message":"Signup error User with this email already exists","service":"devops_project","stack":"Error: User with this email already exists\n    at createUser (file:///Users/sirishgurung/Desktop/DevOps/DevOps_project/src/services/auth.service.js:20:44)\n    at process.processTicksAndRejections (node:internal/process/task_queues:104:5)\n    at async signup (file:///Users/sirishgurung/Desktop/DevOps/DevOps_project/src/controllers/auth.controller.js:22:22)"}
{"level":"info","message":"::1 - - [22/Jul/2026:20:06:14 +0000] \"POST /api/auth/sign-up HTTP/1.1\" 409 32 \"-\" \"PostmanRuntime/7.54.0\"","service":"devops_project"}
{"level":"info","message":"User gary@example.com created successfully","service":"devops_project"}
{"level":"error","message":"Signup error res.cookies is not a function","service":"devops_project","stack":"TypeError: res.cookies is not a function\n    at Object.set (file:///Users/sirishgurung/Desktop/DevOps/DevOps_project/src/utils/cookies.js:9:13)\n    at signup (file:///Users/sirishgurung/Desktop/DevOps/DevOps_project/src/controllers/auth.controller.js:26:17)\n    at process.processTicksAndRejections (node:internal/process/task_queues:104:5)"}
{"level":"info","message":"::1 - - [22/Jul/2026:20:06:35 +0000] \"POST /api/auth/sign-up HTTP/1.1\" 500 506 \"-\" \"PostmanRuntime/7.54.0\"","service":"devops_project"}
{"level":"info","message":"User gary@example.com created successfully","service":"devops_project"}
{"level":"error","message":"Signup error res.cookies is not a function","service":"devops_project","stack":"TypeError: res.cookies is not a function\n    at Object.set (file:///Users/sirishgurung/Desktop/DevOps/DevOps_project/src/utils/cookies.js:9:13)\n    at signup (file:///Users/sirishgurung/Desktop/DevOps/DevOps_project/src/controllers/auth.controller.js:26:17)\n    at process.processTicksAndRejections (node:internal/process/task_queues:104:5)"}
{"level":"info","message":"::1 - - [22/Jul/2026:20:08:04 +0000] \"POST /api/auth/sign-up HTTP/1.1\" 500 506 \"-\" \"PostmanRuntime/7.54.0\"","service":"devops_project"}
{"level":"info","message":"User gary@example.com created successfully","service":"devops_project"}
{"level":"info","message":"User registered successfully: gary@example.com","service":"devops_project"}
{"level":"info","message":"::1 - - [22/Jul/2026:20:09:17 +0000] \"POST /api/auth/sign-up HTTP/1.1\" 201 101 \"-\" \"PostmanRuntime/7.54.0\"","service":"devops_project"}
{"level":"info","message":"::1 - - [24/Jul/2026:12:50:10 +0000] \"POST /api/auth/sign-in HTTP/1.1\" 200 31 \"-\" \"PostmanRuntime/7.54.0\"","service":"devops_project"}
{"level":"info","message":"::1 - - [24/Jul/2026:12:50:25 +0000] \"POST /api/auth/sign-out HTTP/1.1\" 200 32 \"-\" \"PostmanRuntime/7.54.0\"","service":"devops_project"}
{"level":"info","message":"User signed out successfully","service":"devops_project"}
{"level":"info","message":"::1 - - [24/Jul/2026:12:51:31 +0000] \"POST /api/auth/sign-out HTTP/1.1\" 200 42 \"-\" \"PostmanRuntime/7.54.0\"","service":"devops_project"}
{"level":"info","message":"User signed in successfully: gary@example.com","service":"devops_project"}
{"level":"info","message":"::1 - - [24/Jul/2026:12:51:39 +0000] \"POST /api/auth/sign-in HTTP/1.1\" 200 152 \"-\" \"PostmanRuntime/7.54.0\"","service":"devops_project"}
{"level":"info","message":"::1 - - [24/Jul/2026:13:50:10 +0000] \"POST /health HTTP/1.1\" 404 146 \"-\" \"PostmanRuntime/7.54.0\"","service":"devops_project"}
{"level":"info","message":"::1 - - [24/Jul/2026:13:50:46 +0000] \"POST /health HTTP/1.1\" 404 146 \"-\" \"PostmanRuntime/7.54.0\"","service":"devops_project"}
{"level":"info","message":"::1 - - [24/Jul/2026:13:50:51 +0000] \"POST / HTTP/1.1\" 404 140 \"-\" \"PostmanRuntime/7.54.0\"","service":"devops_project"}
{"level":"info","message":"::1 - - [24/Jul/2026:13:51:01 +0000] \"GET /health HTTP/1.1\" 200 76 \"-\" \"PostmanRuntime/7.54.0\"","service":"devops_project"}
{"level":"info","message":"::1 - - [24/Jul/2026:13:51:04 +0000] \"GET /health HTTP/1.1\" 200 76 \"-\" \"PostmanRuntime/7.54.0\"","service":"devops_project"}
{"level":"info","message":"::1 - - [24/Jul/2026:13:51:07 +0000] \"GET /health HTTP/1.1\" 200 76 \"-\" \"PostmanRuntime/7.54.0\"","service":"devops_project"}
{"level":"info","message":"::1 - - [24/Jul/2026:13:51:10 +0000] \"GET /health HTTP/1.1\" 200 75 \"-\" \"PostmanRuntime/7.54.0\"","service":"devops_project"}
{"level":"info","message":"::1 - - [24/Jul/2026:13:51:10 +0000] \"GET /health HTTP/1.1\" 200 76 \"-\" \"PostmanRuntime/7.54.0\"","service":"devops_project"}
{"level":"info","message":"::1 - - [24/Jul/2026:13:52:29 +0000] \"GET /health HTTP/1.1\" 200 76 \"-\" \"PostmanRuntime/7.54.0\"","service":"devops_project"}
{"level":"info","message":"::1 - - [24/Jul/2026:13:55:49 +0000] \"GET /health HTTP/1.1\" 200 75 \"-\" \"PostmanRuntime/7.54.0\"","service":"devops_project"}
{"level":"info","message":"::1 - - [24/Jul/2026:13:55:54 +0000] \"GET /health HTTP/1.1\" 200 76 \"-\" \"PostmanRuntime/7.54.0\"","service":"devops_project"}
{"level":"info","message":"::1 - - [24/Jul/2026:13:55:54 +0000] \"GET /health HTTP/1.1\" 200 73 \"-\" \"PostmanRuntime/7.54.0\"","service":"devops_project"}
{"level":"info","message":"::1 - - [24/Jul/2026:13:55:55 +0000] \"GET /health HTTP/1.1\" 200 76 \"-\" \"PostmanRuntime/7.54.0\"","service":"devops_project"}
{"level":"info","message":"::1 - - [24/Jul/2026:13:55:57 +0000] \"GET /health HTTP/1.1\" 200 76 \"-\" \"PostmanRuntime/7.54.0\"","service":"devops_project"}
{"level":"info","message":"::1 - - [24/Jul/2026:13:55:57 +0000] \"GET /health HTTP/1.1\" 200 74 \"-\" \"PostmanRuntime/7.54.0\"","service":"devops_project"}
{"level":"info","message":"::1 - - [24/Jul/2026:13:55:58 +0000] \"GET /health HTTP/1.1\" 200 76 \"-\" \"PostmanRuntime/7.54.0\"","service":"devops_project"}
{"level":"info","message":"::1 - - [24/Jul/2026:13:55:58 +0000] \"GET /health HTTP/1.1\" 200 73 \"-\" \"PostmanRuntime/7.54.0\"","service":"devops_project"}
{"level":"info","message":"::1 - - [24/Jul/2026:13:55:59 +0000] \"GET /health HTTP/1.1\" 200 76 \"-\" \"PostmanRuntime/7.54.0\"","service":"devops_project"}
{"level":"info","message":"::1 - - [24/Jul/2026:13:55:59 +0000] \"GET /health HTTP/1.1\" 200 73 \"-\" \"PostmanRuntime/7.54.0\"","service":"devops_project"}
{"level":"info","message":"::1 - - [24/Jul/2026:13:56:00 +0000] \"GET /health HTTP/1.1\" 200 76 \"-\" \"PostmanRuntime/7.54.0\"","service":"devops_project"}
{"level":"info","message":"::1 - - [24/Jul/2026:14:06:27 +0000] \"GET /api HTTP/1.1\" 200 28 \"-\" \"PostmanRuntime/7.54.0\"","service":"devops_project"}
{"level":"info","message":"::1 - - [24/Jul/2026:14:06:28 +0000] \"GET /api HTTP/1.1\" 200 28 \"-\" \"PostmanRuntime/7.54.0\"","service":"devops_project"}
{"level":"info","message":"::1 - - [24/Jul/2026:14:06:29 +0000] \"GET /api HTTP/1.1\" 200 28 \"-\" \"PostmanRuntime/7.54.0\"","service":"devops_project"}
{"level":"info","message":"::1 - - [24/Jul/2026:14:06:30 +0000] \"GET /api HTTP/1.1\" 200 28 \"-\" \"PostmanRuntime/7.54.0\"","service":"devops_project"}
{"level":"info","message":"::1 - - [24/Jul/2026:14:06:31 +0000] \"GET /api HTTP/1.1\" 200 28 \"-\" \"PostmanRuntime/7.54.0\"","service":"devops_project"}
{"level":"info","message":"::1 - - [24/Jul/2026:14:06:31 +0000] \"GET /api HTTP/1.1\" 200 28 \"-\" \"PostmanRuntime/7.54.0\"","service":"devops_project"}
{"level":"info","message":"::1 - - [24/Jul/2026:14:06:32 +0000] \"GET /api HTTP/1.1\" 200 28 \"-\" \"PostmanRuntime/7.54.0\"","service":"devops_project"}
{"level":"info","message":"::1 - - [24/Jul/2026:14:06:32 +0000] \"GET /api HTTP/1.1\" 200 28 \"-\" \"PostmanRuntime/7.54.0\"","service":"devops_project"}
{"level":"info","message":"::1 - - [24/Jul/2026:14:06:33 +0000] \"GET /api HTTP/1.1\" 200 28 \"-\" \"PostmanRuntime/7.54.0\"","service":"devops_project"}
{"level":"info","message":"::1 - - [24/Jul/2026:14:06:33 +0000] \"GET /api HTTP/1.1\" 200 28 \"-\" \"PostmanRuntime/7.54.0\"","service":"devops_project"}
{"level":"info","message":"::1 - - [24/Jul/2026:14:06:34 +0000] \"GET /api HTTP/1.1\" 200 28 \"-\" \"PostmanRuntime/7.54.0\"","service":"devops_project"}
{"level":"info","message":"::1 - - [24/Jul/2026:14:06:34 +0000] \"GET /api HTTP/1.1\" 200 28 \"-\" \"PostmanRuntime/7.54.0\"","service":"devops_project"}
{"level":"info","message":"::ffff:127.0.0.1 - - [24/Jul/2026:16:39:06 +0000] \"GET /health HTTP/1.1\" 200 75 \"-\" \"-\"","service":"devops_project"}
{"level":"info","message":"::ffff:127.0.0.1 - - [24/Jul/2026:16:39:06 +0000] \"GET /api HTTP/1.1\" 200 28 \"-\" \"-\"","service":"devops_project"}
{"level":"info","message":"::ffff:127.0.0.1 - - [24/Jul/2026:16:39:06 +0000] \"GET /nonexistent HTTP/1.1\" 404 86 \"-\" \"-\"","service":"devops_project"}
{"level":"info","message":"::ffff:127.0.0.1 - - [24/Jul/2026:16:39:32 +0000] \"GET /health HTTP/1.1\" 200 75 \"-\" \"-\"","service":"devops_project"}
{"level":"info","message":"::ffff:127.0.0.1 - - [24/Jul/2026:16:39:32 +0000] \"GET /api HTTP/1.1\" 200 28 \"-\" \"-\"","service":"devops_project"}
{"level":"info","message":"::ffff:127.0.0.1 - - [24/Jul/2026:16:39:32 +0000] \"GET /nonexistent HTTP/1.1\" 404 86 \"-\" \"-\"","service":"devops_project"}
{"level":"info","message":"::ffff:127.0.0.1 - - [24/Jul/2026:16:39:45 +0000] \"GET /health HTTP/1.1\" 200 75 \"-\" \"-\"","service":"devops_project"}
{"level":"info","message":"::ffff:127.0.0.1 - - [24/Jul/2026:16:39:45 +0000] \"GET /api HTTP/1.1\" 200 28 \"-\" \"-\"","service":"devops_project"}
{"level":"info","message":"::ffff:127.0.0.1 - - [24/Jul/2026:16:39:45 +0000] \"GET /nonexistent HTTP/1.1\" 404 86 \"-\" \"-\"","service":"devops_project"}
